// Jest Snapshot v1, https://goo.gl/fbAQLP

exports[`<BlockQuote /> should render correctly. 1`] = `
<BlockQuote>
  <blockquote
    data-radium={true}
    style={
      Object {
        "fontStyle": "oblique",
      }
    }
  >
    Some Quote
  </blockquote>
</BlockQuote>
`;
