// Jest Snapshot v1, https://goo.gl/fbAQLP

exports[`<CodePane /> should render correctly. 1`] = `
<CodePane
  lang="jsx"
  source="
      const myButton = (
        <CustomButton
          style={{ background: '#f00' }}
          onClick={this.action}
        >
         Click Me
        </CustomButton>
      );
    "
>
  <pre
    data-radium={true}
    style={Object {}}
  >
    <code
      className="language-jsx"
      dangerouslySetInnerHTML={
        Object {
          "__html": "
              const myButton = (
                &lt;CustomButton
                  style={{ background: '#f00' }}
                  onClick={this.action}
                &gt;
                 Click Me
                &lt;/CustomButton&gt;
              );
            ",
        }
      }
    />
  </pre>
</CodePane>
`;
