exports[`<Controls /> should render correctly. 1`] = `
<Controls
  currentSlideIndex={2}
  onNext={[Function]}
  onPrev={[Function]}
  totalSlides={5}>
  <div
    data-radium={true}>
    <button
      data-radium={true}
      onClick={[Function]}
      style={
        Object {
          "background": "#f00",
        }
      }
      type="button">
      <svg
        height="32px"
        viewBox="0 0 512 828.586"
        width="32px">
        <path
          d="M512,97.707L414.293,0L0,414.293l414.293,414.293L512,730.88L195.414,414.293L512,97.707z" />
      </svg>
    </button>
    <button
      data-radium={true}
      onClick={[Function]}
      style={
        Object {
          "background": "#f0f",
        }
      }
      type="button">
      <svg
        height="32px"
        viewBox="0 0 512 828.586"
        width="32px">
        <path
          d="M97.707,0L0,97.707l316.586,316.586L0,730.88l97.707,97.706L512,414.293L97.707,0z" />
      </svg>
    </button>
  </div>
</Controls>
`;
