// Jest Snapshot v1, https://goo.gl/fbAQLP

exports[`<Fill /> should render with style \`flex: 1\` 1`] = `
<Styled(div)>
  <div
    className="css-1rr4qq7"
  >
    Spectacle
  </div>
</Styled(div)>
`;
