// Jest Snapshot v1, https://goo.gl/fbAQLP

exports[`<Layout /> should render correctly 1`] = `
<Layout>
  <div
    data-radium={true}
    style={
      Object {
        "display": "flex",
      }
    }
  >
    <div>
      Content
    </div>
  </div>
</Layout>
`;
