// Jest Snapshot v1, https://goo.gl/fbAQLP

exports[`<Notes /> should render correctly 1`] = `<Notes />`;
