// Jest Snapshot v1, https://goo.gl/fbAQLP

exports[`<TableHeader /> should render correctly 1`] = `
<TableHeader>
  <thead>
    <tr>
      <th>
        Table Content
      </th>
    </tr>
  </thead>
</TableHeader>
`;
