exports[`<TableBody /> should render correctly 1`] = `
<TableHeader>
  <thead>
    <tr>
      <td>
        Table Content
      </td>
    </tr>
  </thead>
</TableHeader>
`;
